[01/09] 돌잔치선물 / 4624494637: - 4위 밖
[01/10] 수건답례품 / 4624494637: - 4위 밖
[01/09] 돌수건답례품 / 4624494637: - 4위 밖
[01/10] 돌잔치수건 / 4624494637: - 4위 밖
[01/09] 답례품수건 / 4624494637: - 4위 밖
[01/10] 돌답례품 / 4624494637: 2 노출
[01/10] 돌잔치답례품 / 4624494637: 3 노출
[01/10] 답례품 / 4624494637: - 4위 밖
[02/09] 답례품 / 4843121925: - 4위 밖
[02/10] 돌답례품 / 4843121925: - 4위 밖
[02/09] 답례품세트 / 4843121925: - 4위 밖
[02/10] 돌잔치답례품 / 4843121925: - 4위 밖
[02/09] 돌잔치기념품 / 4843121925: - 4위 밖
[02/10] 돌잔치답례품수건 / 4624494637: - 4위 밖
[02/10] 돌답례품수건 / 4624494637: - 4위 밖
[02/10] 돌수건 / 4624494637: - 4위 밖
[03/10] 핸드워시세트 / 4843121925: - 4위 밖
[03/09] 돌답례품핸드워시세트 / 4843121925: - 4위 밖
[03/09] 고리수건 / 12924495111: - 4위 밖
[03/09] 어린이집수건 / 12924495111: - 4위 밖
[03/10] 돌답례품세트 / 4843121925: - 4위 밖
[03/10] 돌잔치답레품세트 / 4843121925: - 4위 밖
[03/10] 답례품핸드워시 / 4843121925: - 4위 밖
[03/10] 답례품프리미엄세트 / 4843121925: - 4위 밖
[04/09] 어린이손수건 / 12924495111: - 4위 밖
[04/10] 아기어린이집수건 / 12924495111: - 4위 밖
[04/09] 유치원고리수건 / 12924495111: - 4위 밖
[04/09] 자수고리수건 / 12924495111: - 4위 밖
[04/10] 수건고리 / 12924495111: - 4위 밖
[04/10] 어린이수건 / 12924495111: - 4위 밖
[04/10] 어린이집손수건 / 12924495111: - 4위 밖
[04/10] 어린이집고리수건 / 12924495111: - 4위 밖
[05/09] 돌잔치답례품 / 11562165854: - 4위 밖
[05/09] 답례품 / 11562165854: - 4위 밖
[05/09] 돌답례품 / 11562165854: 3 노출
[05/10] 모바일돌초대장 / 13471936380: - 4위 밖
[05/10] 돌초대장 / 13471936380: - 4위 밖
[05/10] 돌잔치모바일초대장 / 13471936380: - 4위 밖
[05/10] 모바일돌잔치초대장 / 13471936380: - 4위 밖
[06/09] 꿀결혼답례품 / 7444568862: - 4위 밖
[05/10] 돌잔치초대장 / 13471936380: - 4위 밖
[06/09] 꿀답례품 / 7444568862: - 4위 밖
[06/09] 답례품꿀 / 7444568862: - 4위 밖
[06/10] 돌수건답례품 / 11562165854: 2 노출
[06/10] 돌잔치수건 / 11562165854: 3 노출
[06/10] 조구만 / 11562165854: - 4위 밖
[06/10] 돌답례품수건 / 11562165854: 2 노출
[06/10] 돌수건 / 11562165854: 2 노출
[07/09] 답례품호두정과 / 12047676813: - 4위 밖
[07/09] 호두정과답례품 / 12047676813: - 4위 밖
[07/10] 돌잔치답례품 / 7444568862: - 4위 밖
[07/09] 결혼답례품 / 12047676813: - 4위 밖
[07/10] 결혼식답례품 / 12047676813: - 4위 밖
[07/10] 돌답례품 / 7444568862: - 4위 밖
[07/10] 답례품 / 7444568862: - 4위 밖
[08/09] 무라꿀 / 11979458131: 1 노출
[08/09] 결혼식답례품 / 11943090047: - 4위 밖
[07/10] 결혼답례품 / 7444568862: - 4위 밖
[08/10] 돌잔치답례품 / 12047676813: - 4위 밖
[08/09] 결혼답례품 / 11943090047: - 4위 밖
[08/10] 답례품호두정과 / 11943090047: - 4위 밖
[08/10] 무라호두정과 / 12047676813: - 4위 밖
[08/10] 무라호두정과 / 11943090047: - 4위 밖
[09/09] 40수수건 / 11858377273: - 4위 밖
[08/10] 호두정과답례품 / 11943090047: - 4위 밖
[09/09] 수건 / 11858377273: - 4위 밖
[09/09] 호텔수건 / 11858377273: - 4위 밖
[09/10] 돌잔치답례품 / 11979458131: - 4위 밖
[09/10] 꿀답례품 / 11979458131: - 4위 밖
[09/10] 답례품꿀 / 11979458131: - 4위 밖
[09/10] 꿀결혼답례품 / 11979458131: - 4위 밖
[10/10] 수건5+5 / 11858377273: - 4위 밖
[09/10] 결혼답례품 / 11979458131: - 4위 밖
[10/10] 호텔타월 / 11858377273: - 4위 밖
[10/10] 호텔수건40수 / 11858377273: - 4위 밖
[10/10] 부드러운수건 / 11858377273: - 4위 밖
[10/10] 호텔수건5+5 / 11858377273: - 4위 밖
SAVED data\current-shopping-top4-2026-07-31-afternoon.json
UPDATED D:\광고보고서\rank\rank_data.json 2026-07-31 afternoon
